<html>
<body>
<pre>
<h1>µVision3 Build Log</h1>
<h2>Project:</h2>
D:\Documents and Settings\yaomoon\×ÀÃæ\taxi_v1.0\Project\Template\RVMDK\Project.uv2
Project File Date:  01/08/2011

<h2>Output:</h2>
compiling Bill.c...
Bill.c(15): error:  #154: expression must have struct or union type
Bill.c(16): error:  #154: expression must have struct or union type
Bill.c(17): error:  #154: expression must have struct or union type
Bill.c(18): error:  #154: expression must have struct or union type
Bill.c(18): error:  #20: identifier "THH" is undefined
Bill.c(19): error:  #154: expression must have struct or union type
Bill.c(19): error:  #20: identifier "TMM" is undefined
Bill.c(20): error:  #154: expression must have struct or union type
Bill.c(20): error:  #20: identifier "TSS" is undefined
Bill.c(21): error:  #154: expression must have struct or union type
Bill.c(21): error:  #20: identifier "distance" is undefined
Bill.c(22): error:  #154: expression must have struct or union type
Bill.c(22): error:  #20: identifier "money" is undefined
Bill.c - 13 Error(s), 0 Warning(s).
compiling Bill.c...
Bill.c(21): error:  #154: expression must have struct or union type
Bill.c(22): error:  #154: expression must have struct or union type
Bill.c(23): error:  #154: expression must have struct or union type
Bill.c(24): error:  #154: expression must have struct or union type
Bill.c(25): error:  #154: expression must have struct or union type
Bill.c(26): error:  #154: expression must have struct or union type
Bill.c(27): error:  #154: expression must have struct or union type
Bill.c(28): error:  #154: expression must have struct or union type
Bill.c - 8 Error(s), 0 Warning(s).
Build target 'STM32_RTC'
compiling Bill.c...
linking...
Program Size: Code=12164 RO-data=172532 RW-data=100 ZI-data=524  
FromELF: creating hex file...
".\Obj\STM32_RTC.axf" - 0 Error(s), 0 Warning(s).
Build target 'STM32_RTC'
compiling Bill.c...
Bill.c(43): error:  #20: identifier "Info" is undefined
Target not created
Build target 'STM32_RTC'
compiling Bill.c...
linking...
Program Size: Code=12220 RO-data=172532 RW-data=100 ZI-data=524  
FromELF: creating hex file...
".\Obj\STM32_RTC.axf" - 0 Error(s), 0 Warning(s).
Build target 'STM32_RTC'
compiling main.c...
..\main.c(76): warning:  #223-D: function "Delay" declared implicitly
compiling rtc_init.c...
compiling Bill.c...
compiling lcd.c...
lcd.c(1792): warning:  #167-D: argument of type "unsigned char *" is incompatible with parameter of type "char *restrict"
lcd.c(1810): warning:  #167-D: argument of type "unsigned char *" is incompatible with parameter of type "char *restrict"
lcd.c(1817): warning:  #167-D: argument of type "unsigned char *" is incompatible with parameter of type "char *restrict"
lcd.c(1780): warning:  #550-D: variable "speedd" was set but never used
compiling lcd_init.c...
compiling stm32f10x_it.c...
stm32f10x_it.c(232): warning:  #223-D: function "Delay" declared implicitly
stm32f10x_it.c(251): warning:  #223-D: function "Delay" declared implicitly
compiling stm32f10x_rcc.c...
compiling stm32f10x_gpio.c...
compiling misc.c...
compiling stm32f10x_bkp.c...
compiling stm32f10x_crc.c...
compiling stm32f10x_exti.c...
compiling stm32f10x_flash.c...
compiling stm32f10x_fsmc.c...
compiling stm32f10x_pwr.c...
compiling stm32f10x_rtc.c...
compiling stm32f10x_sdio.c...
compiling stm32f10x_spi.c...
compiling stm32f10x_tim.c...
compiling stm32f10x_usart.c...
compiling stm32f10x_wwdg.c...
compiling system_stm32f10x.c...
compiling core_cm3.c...
assembling startup_stm32f10x_hd.s...
linking...
Program Size: Code=12220 RO-data=172532 RW-data=100 ZI-data=524  
FromELF: creating hex file...
".\Obj\STM32_RTC.axf" - 0 Error(s), 7 Warning(s).
Load "D:\\Documents and Settings\\yaomoon\\×ÀÃæ\\taxi_v1.0\\Project\\Template\\RVMDK\\Obj\\STM32_RTC.AXF" 

JLink info:
-----------
DLL: V4.08b, compiled Jun 30 2009 19:10:31
Firmware: J-Link ARM V8 compiled Dec  1 2009 11:42:48
Hardware: V8.00
S/N : 20100214 
Feature(s) : RDI,FlashDL,FlashBP,JFlash,GDBFull 
---
* JLink Info: TotalIRLen = 9, IRPrint = 0x0011
* JLink Info: Found Cortex-M3 r1p1, Little endian.
* JLink Info: TPIU fitted.
* JLink Info: ETM fitted.
* JLink Info:   FPUnit: 6 code (BP) slots and 2 literal slots

Target info:
------------
Device: STM32F103VE
VTarget = 3.261V
State of Pins: 
TCK: 1, TDI: 0, TDO: 1, TMS: 0, TRES: 1, TRST: 1
* JLink Info: TotalIRLen = 9, IRPrint = 0x0011
* JLink Info: Found Cortex-M3 r1p1, Little endian.
* JLink Info: TPIU fitted.
* JLink Info: ETM fitted.
* JLink Info:   FPUnit: 6 code (BP) slots and 2 literal slots
Hardware-Breakpoints: 6
Software-Breakpoints: 2048
Watchpoints:          4
JTAG speed: 2000 kHz
---
* JLink Info: TotalIRLen = 9, IRPrint = 0x0011
* JLink Info: Found Cortex-M3 r1p1, Little endian.
* JLink Info: TPIU fitted.
* JLink Info: ETM fitted.
* JLink Info:   FPUnit: 6 code (BP) slots and 2 literal slots
Erase Done.
Programming Done.
Verify OK.
* JLink Info: TotalIRLen = 9, IRPrint = 0x0011
* JLink Info: Found Cortex-M3 r1p1, Little endian.
* JLink Info: TPIU fitted.
* JLink Info: ETM fitted.
* JLink Info:   FPUnit: 6 code (BP) slots and 2 literal slots
Application running ...
Build target 'STM32_RTC'
compiling main.c...
..\main.c(72): error:  #20: identifier "printfed" is undefined
..\main.c(82): warning:  #223-D: function "Delay" declared implicitly
..\main.c(45): warning:  #550-D: variable "printed" was set but never used
compiling Bill.c...
Target not created
Build target 'STM32_RTC'
compiling main.c...
..\main.c(82): warning:  #223-D: function "Delay" declared implicitly
linking...
Program Size: Code=12232 RO-data=172532 RW-data=100 ZI-data=524  
FromELF: creating hex file...
".\Obj\STM32_RTC.axf" - 0 Error(s), 1 Warning(s).
Load "D:\\Documents and Settings\\yaomoon\\×ÀÃæ\\taxi_v1.0\\Project\\Template\\RVMDK\\Obj\\STM32_RTC.AXF" 

JLink info:
-----------
DLL: V4.08b, compiled Jun 30 2009 19:10:31
Firmware: J-Link ARM V8 compiled Dec  1 2009 11:42:48
Hardware: V8.00
S/N : 20100214 
Feature(s) : RDI,FlashDL,FlashBP,JFlash,GDBFull 
---
* JLink Info: TotalIRLen = 9, IRPrint = 0x0011
* JLink Info: Found Cortex-M3 r1p1, Little endian.
* JLink Info: TPIU fitted.
* JLink Info: ETM fitted.
* JLink Info:   FPUnit: 6 code (BP) slots and 2 literal slots

Target info:
------------
Device: STM32F103VE
VTarget = 3.261V
State of Pins: 
TCK: 1, TDI: 0, TDO: 1, TMS: 0, TRES: 1, TRST: 1
* JLink Info: TotalIRLen = 9, IRPrint = 0x0011
* JLink Info: Found Cortex-M3 r1p1, Little endian.
* JLink Info: TPIU fitted.
* JLink Info: ETM fitted.
* JLink Info:   FPUnit: 6 code (BP) slots and 2 literal slots
Hardware-Breakpoints: 6
Software-Breakpoints: 2048
Watchpoints:          4
JTAG speed: 2000 kHz
---
* JLink Info: TotalIRLen = 9, IRPrint = 0x0011
* JLink Info: Found Cortex-M3 r1p1, Little endian.
* JLink Info: TPIU fitted.
* JLink Info: ETM fitted.
* JLink Info:   FPUnit: 6 code (BP) slots and 2 literal slots
Erase Done.
Programming Done.
Verify OK.
* JLink Info: TotalIRLen = 9, IRPrint = 0x0011
* JLink Info: Found Cortex-M3 r1p1, Little endian.
* JLink Info: TPIU fitted.
* JLink Info: ETM fitted.
* JLink Info:   FPUnit: 6 code (BP) slots and 2 literal slots
Application running ...
Build target 'STM32_RTC'
compiling Bill.c...
linking...
Program Size: Code=12236 RO-data=172532 RW-data=100 ZI-data=524  
FromELF: creating hex file...
".\Obj\STM32_RTC.axf" - 0 Error(s), 0 Warning(s).
Build target 'STM32_RTC'
compiling main.c...
..\main.c(82): warning:  #223-D: function "Delay" declared implicitly
compiling rtc_init.c...
compiling Bill.c...
compiling lcd.c...
lcd.c(1792): warning:  #167-D: argument of type "unsigned char *" is incompatible with parameter of type "char *restrict"
lcd.c(1810): warning:  #167-D: argument of type "unsigned char *" is incompatible with parameter of type "char *restrict"
lcd.c(1817): warning:  #167-D: argument of type "unsigned char *" is incompatible with parameter of type "char *restrict"
lcd.c(1780): warning:  #550-D: variable "speedd" was set but never used
compiling lcd_init.c...
compiling stm32f10x_it.c...
stm32f10x_it.c(232): warning:  #223-D: function "Delay" declared implicitly
stm32f10x_it.c(251): warning:  #223-D: function "Delay" declared implicitly
compiling stm32f10x_rcc.c...
compiling stm32f10x_gpio.c...
compiling misc.c...
compiling stm32f10x_bkp.c...
compiling stm32f10x_crc.c...
compiling stm32f10x_exti.c...
compiling stm32f10x_flash.c...
compiling stm32f10x_fsmc.c...
compiling stm32f10x_pwr.c...
compiling stm32f10x_rtc.c...
compiling stm32f10x_sdio.c...
compiling stm32f10x_spi.c...
compiling stm32f10x_tim.c...
compiling stm32f10x_usart.c...
compiling stm32f10x_wwdg.c...
compiling system_stm32f10x.c...
compiling core_cm3.c...
assembling startup_stm32f10x_hd.s...
linking...
Program Size: Code=12236 RO-data=172532 RW-data=100 ZI-data=524  
FromELF: creating hex file...
".\Obj\STM32_RTC.axf" - 0 Error(s), 7 Warning(s).
